Archive member included to satisfy reference by file (symbol)

c:/st/stm32cubeide_1.6.1/stm32cubeide/plugins/com.st.stm32cube.ide.mcu.externaltools.gnu-tools-for-stm32.9-2020-q2-update.win32_1.5.0.202011040924/tools/bin/../lib/gcc/arm-none-eabi/9.3.1/../../../../arm-none-eabi/lib/thumb/v7e-m+fp/hard\libc_nano.a(lib_a-errno.o)
                              Core/Src/syscalls.o (__errno)
c:/st/stm32cubeide_1.6.1/stm32cubeide/plugins/com.st.stm32cube.ide.mcu.externaltools.gnu-tools-for-stm32.9-2020-q2-update.win32_1.5.0.202011040924/tools/bin/../lib/gcc/arm-none-eabi/9.3.1/../../../../arm-none-eabi/lib/thumb/v7e-m+fp/hard\libc_nano.a(lib_a-exit.o)
                              c:/st/stm32cubeide_1.6.1/stm32cubeide/plugins/com.st.stm32cube.ide.mcu.externaltools.gnu-tools-for-stm32.9-2020-q2-update.win32_1.5.0.202011040924/tools/bin/../lib/gcc/arm-none-eabi/9.3.1/../../../../arm-none-eabi/lib/thumb/v7e-m+fp/hard/crt0.o (exit)
c:/st/stm32cubeide_1.6.1/stm32cubeide/plugins/com.st.stm32cube.ide.mcu.externaltools.gnu-tools-for-stm32.9-2020-q2-update.win32_1.5.0.202011040924/tools/bin/../lib/gcc/arm-none-eabi/9.3.1/../../../../arm-none-eabi/lib/thumb/v7e-m+fp/hard\libc_nano.a(lib_a-impure.o)
                              c:/st/stm32cubeide_1.6.1/stm32cubeide/plugins/com.st.stm32cube.ide.mcu.externaltools.gnu-tools-for-stm32.9-2020-q2-update.win32_1.5.0.202011040924/tools/bin/../lib/gcc/arm-none-eabi/9.3.1/../../../../arm-none-eabi/lib/thumb/v7e-m+fp/hard\libc_nano.a(lib_a-exit.o) (_global_impure_ptr)
c:/st/stm32cubeide_1.6.1/stm32cubeide/plugins/com.st.stm32cube.ide.mcu.externaltools.gnu-tools-for-stm32.9-2020-q2-update.win32_1.5.0.202011040924/tools/bin/../lib/gcc/arm-none-eabi/9.3.1/../../../../arm-none-eabi/lib/thumb/v7e-m+fp/hard\libc_nano.a(lib_a-init.o)
                              c:/st/stm32cubeide_1.6.1/stm32cubeide/plugins/com.st.stm32cube.ide.mcu.externaltools.gnu-tools-for-stm32.9-2020-q2-update.win32_1.5.0.202011040924/tools/bin/../lib/gcc/arm-none-eabi/9.3.1/../../../../arm-none-eabi/lib/thumb/v7e-m+fp/hard/crt0.o (__libc_init_array)
c:/st/stm32cubeide_1.6.1/stm32cubeide/plugins/com.st.stm32cube.ide.mcu.externaltools.gnu-tools-for-stm32.9-2020-q2-update.win32_1.5.0.202011040924/tools/bin/../lib/gcc/arm-none-eabi/9.3.1/../../../../arm-none-eabi/lib/thumb/v7e-m+fp/hard\libc_nano.a(lib_a-memset.o)
                              c:/st/stm32cubeide_1.6.1/stm32cubeide/plugins/com.st.stm32cube.ide.mcu.externaltools.gnu-tools-for-stm32.9-2020-q2-update.win32_1.5.0.202011040924/tools/bin/../lib/gcc/arm-none-eabi/9.3.1/../../../../arm-none-eabi/lib/thumb/v7e-m+fp/hard/crt0.o (memset)
c:/st/stm32cubeide_1.6.1/stm32cubeide/plugins/com.st.stm32cube.ide.mcu.externaltools.gnu-tools-for-stm32.9-2020-q2-update.win32_1.5.0.202011040924/tools/bin/../lib/gcc/arm-none-eabi/9.3.1/../../../../arm-none-eabi/lib/thumb/v7e-m+fp/hard\libm.a(lib_a-s_floor.o)
                              Core/Src/pca9685.o (floor)
c:/st/stm32cubeide_1.6.1/stm32cubeide/plugins/com.st.stm32cube.ide.mcu.externaltools.gnu-tools-for-stm32.9-2020-q2-update.win32_1.5.0.202011040924/tools/bin/../lib/gcc/arm-none-eabi/9.3.1/thumb/v7e-m+fp/hard\libgcc.a(_arm_muldf3.o)
                              Core/Src/main.o (__aeabi_dmul)
c:/st/stm32cubeide_1.6.1/stm32cubeide/plugins/com.st.stm32cube.ide.mcu.externaltools.gnu-tools-for-stm32.9-2020-q2-update.win32_1.5.0.202011040924/tools/bin/../lib/gcc/arm-none-eabi/9.3.1/thumb/v7e-m+fp/hard\libgcc.a(_arm_addsubdf3.o)
                              Core/Src/main.o (__aeabi_dsub)
c:/st/stm32cubeide_1.6.1/stm32cubeide/plugins/com.st.stm32cube.ide.mcu.externaltools.gnu-tools-for-stm32.9-2020-q2-update.win32_1.5.0.202011040924/tools/bin/../lib/gcc/arm-none-eabi/9.3.1/thumb/v7e-m+fp/hard\libgcc.a(_arm_muldivdf3.o)
                              Core/Src/main.o (__aeabi_ddiv)
c:/st/stm32cubeide_1.6.1/stm32cubeide/plugins/com.st.stm32cube.ide.mcu.externaltools.gnu-tools-for-stm32.9-2020-q2-update.win32_1.5.0.202011040924/tools/bin/../lib/gcc/arm-none-eabi/9.3.1/thumb/v7e-m+fp/hard\libgcc.a(_arm_cmpdf2.o)
                              c:/st/stm32cubeide_1.6.1/stm32cubeide/plugins/com.st.stm32cube.ide.mcu.externaltools.gnu-tools-for-stm32.9-2020-q2-update.win32_1.5.0.202011040924/tools/bin/../lib/gcc/arm-none-eabi/9.3.1/../../../../arm-none-eabi/lib/thumb/v7e-m+fp/hard\libm.a(lib_a-s_floor.o) (__aeabi_dcmpgt)
c:/st/stm32cubeide_1.6.1/stm32cubeide/plugins/com.st.stm32cube.ide.mcu.externaltools.gnu-tools-for-stm32.9-2020-q2-update.win32_1.5.0.202011040924/tools/bin/../lib/gcc/arm-none-eabi/9.3.1/thumb/v7e-m+fp/hard\libgcc.a(_arm_fixunsdfsi.o)
                              Core/Src/pca9685.o (__aeabi_d2uiz)
c:/st/stm32cubeide_1.6.1/stm32cubeide/plugins/com.st.stm32cube.ide.mcu.externaltools.gnu-tools-for-stm32.9-2020-q2-update.win32_1.5.0.202011040924/tools/bin/../lib/gcc/arm-none-eabi/9.3.1/thumb/v7e-m+fp/hard\libgcc.a(_arm_truncdfsf2.o)
                              Core/Src/pca9685.o (__aeabi_d2f)
[...]
Memory Configuration

Name             Origin             Length             Attributes
RAM              0x0000000020000000 0x0000000000010000 xrw
FLASH            0x0000000008000000 0x0000000000040000 xr
*default*        0x0000000000000000 0xffffffffffffffff

Linker script and memory map

LOAD c:/st/stm32cubeide_1.6.1/stm32cubeide/plugins/com.st.stm32cube.ide.mcu.externaltools.gnu-tools-for-stm32.9-2020-q2-update.win32_1.5.0.202011040924/tools/bin/../lib/gcc/arm-none-eabi/9.3.1/thumb/v7e-m+fp/hard/crti.o
LOAD c:/st/stm32cubeide_1.6.1/stm32cubeide/plugins/com.st.stm32cube.ide.mcu.externaltools.gnu-tools-for-stm32.9-2020-q2-update.win32_1.5.0.202011040924/tools/bin/../lib/gcc/arm-none-eabi/9.3.1/thumb/v7e-m+fp/hard/crtbegin.o
LOAD c:/st/stm32cubeide_1.6.1/stm32cubeide/plugins/com.st.stm32cube.ide.mcu.externaltools.gnu-tools-for-stm32.9-2020-q2-update.win32_1.5.0.202011040924/tools/bin/../lib/gcc/arm-none-eabi/9.3.1/../../../../arm-none-eabi/lib/thumb/v7e-m+fp/hard/crt0.o
LOAD Core/Src/NRF24L01.o
LOAD Core/Src/gpio.o
LOAD Core/Src/i2c.o
LOAD Core/Src/main.o
LOAD Core/Src/pca9685.o
LOAD Core/Src/spi.o
LOAD Core/Src/stm32f4xx_hal_msp.o
LOAD Core/Src/stm32f4xx_it.o
LOAD Core/Src/syscalls.o
LOAD Core/Src/sysmem.o
LOAD Core/Src/system_stm32f4xx.o
LOAD Core/Startup/startup_stm32f401ccux.o
LOAD Drivers/STM32F4xx_HAL_Driver/Src/stm32f4xx_hal.o
LOAD Drivers/STM32F4xx_HAL_Driver/Src/stm32f4xx_hal_cortex.o
LOAD Drivers/STM32F4xx_HAL_Driver/Src/stm32f4xx_hal_dma.o
LOAD Drivers/STM32F4xx_HAL_Driver/Src/stm32f4xx_hal_dma_ex.o
LOAD Drivers/STM32F4xx_HAL_Driver/Src/stm32f4xx_hal_exti.o
LOAD Drivers/STM32F4xx_HAL_Driver/Src/stm32f4xx_hal_flash.o
LOAD Drivers/STM32F4xx_HAL_Driver/Src/stm32f4xx_hal_flash_ex.o
LOAD Drivers/STM32F4xx_HAL_Driver/Src/stm32f4xx_hal_flash_ramfunc.o
LOAD Drivers/STM32F4xx_HAL_Driver/Src/stm32f4xx_hal_gpio.o
LOAD Drivers/STM32F4xx_HAL_Driver/Src/stm32f4xx_hal_i2c.o
LOAD Drivers/STM32F4xx_HAL_Driver/Src/stm32f4xx_hal_i2c_ex.o
LOAD Drivers/STM32F4xx_HAL_Driver/Src/stm32f4xx_hal_pwr.o
LOAD Drivers/STM32F4xx_HAL_Driver/Src/stm32f4xx_hal_pwr_ex.o
LOAD Drivers/STM32F4xx_HAL_Driver/Src/stm32f4xx_hal_rcc.o
LOAD Drivers/STM32F4xx_HAL_Driver/Src/stm32f4xx_hal_rcc_ex.o
LOAD Drivers/STM32F4xx_HAL_Driver/Src/stm32f4xx_hal_spi.o
LOAD Drivers/STM32F4xx_HAL_Driver/Src/stm32f4xx_hal_tim.o
LOAD Drivers/STM32F4xx_HAL_Driver/Src/stm32f4xx_hal_tim_ex.o
START GROUP
LOAD c:/st/stm32cubeide_1.6.1/stm32cubeide/plugins/com.st.stm32cube.ide.mcu.externaltools.gnu-tools-for-stm32.9-2020-q2-update.win32_1.5.0.202011040924/tools/bin/../lib/gcc/arm-none-eabi/9.3.1/../../../../arm-none-eabi/lib/thumb/v7e-m+fp/hard\libc_nano.a
LOAD c:/st/stm32cubeide_1.6.1/stm32cubeide/plugins/com.st.stm32cube.ide.mcu.externaltools.gnu-tools-for-stm32.9-2020-q2-update.win32_1.5.0.202011040924/tools/bin/../lib/gcc/arm-none-eabi/9.3.1/../../../../arm-none-eabi/lib/thumb/v7e-m+fp/hard\libm.a
END GROUP
START GROUP
LOAD c:/st/stm32cubeide_1.6.1/stm32cubeide/plugins/com.st.stm32cube.ide.mcu.externaltools.gnu-tools-for-stm32.9-2020-q2-update.win32_1.5.0.202011040924/tools/bin/../lib/gcc/arm-none-eabi/9.3.1/thumb/v7e-m+fp/hard\libgcc.a
LOAD c:/st/stm32cubeide_1.6.1/stm32cubeide/plugins/com.st.stm32cube.ide.mcu.externaltools.gnu-tools-for-stm32.9-2020-q2-update.win32_1.5.0.202011040924/tools/bin/../lib/gcc/arm-none-eabi/9.3.1/../../../../arm-none-eabi/lib/thumb/v7e-m+fp/hard\libc_nano.a
END GROUP
START GROUP
LOAD c:/st/stm32cubeide_1.6.1/stm32cubeide/plugins/com.st.stm32cube.ide.mcu.externaltools.gnu-tools-for-stm32.9-2020-q2-update.win32_1.5.0.202011040924/tools/bin/../lib/gcc/arm-none-eabi/9.3.1/thumb/v7e-m+fp/hard\libgcc.a
LOAD c:/st/stm32cubeide_1.6.1/stm32cubeide/plugins/com.st.stm32cube.ide.mcu.externaltools.gnu-tools-for-stm32.9-2020-q2-update.win32_1.5.0.202011040924/tools/bin/../lib/gcc/arm-none-eabi/9.3.1/../../../../arm-none-eabi/lib/thumb/v7e-m+fp/hard\libc_nano.a
LOAD c:/st/stm32cubeide_1.6.1/stm32cubeide/plugins/com.st.stm32cube.ide.mcu.externaltools.gnu-tools-for-stm32.9-2020-q2-update.win32_1.5.0.202011040924/tools/bin/../lib/gcc/arm-none-eabi/9.3.1/../../../../arm-none-eabi/lib/thumb/v7e-m+fp/hard\libnosys.a
END GROUP
START GROUP
LOAD c:/st/stm32cubeide_1.6.1/stm32cubeide/plugins/com.st.stm32cube.ide.mcu.externaltools.gnu-tools-for-stm32.9-2020-q2-update.win32_1.5.0.202011040924/tools/bin/../lib/gcc/arm-none-eabi/9.3.1/thumb/v7e-m+fp/hard\libgcc.a
LOAD c:/st/stm32cubeide_1.6.1/stm32cubeide/plugins/com.st.stm32cube.ide.mcu.externaltools.gnu-tools-for-stm32.9-2020-q2-update.win32_1.5.0.202011040924/tools/bin/../lib/gcc/arm-none-eabi/9.3.1/../../../../arm-none-eabi/lib/thumb/v7e-m+fp/hard\libc_nano.a
LOAD c:/st/stm32cubeide_1.6.1/stm32cubeide/plugins/com.st.stm32cube.ide.mcu.externaltools.gnu-tools-for-stm32.9-2020-q2-update.win32_1.5.0.202011040924/tools/bin/../lib/gcc/arm-none-eabi/9.3.1/../../../../arm-none-eabi/lib/thumb/v7e-m+fp/hard\libnosys.a
END GROUP
LOAD c:/st/stm32cubeide_1.6.1/stm32cubeide/plugins/com.st.stm32cube.ide.mcu.externaltools.gnu-tools-for-stm32.9-2020-q2-update.win32_1.5.0.202011040924/tools/bin/../lib/gcc/arm-none-eabi/9.3.1/thumb/v7e-m+fp/hard/crtend.o
LOAD c:/st/stm32cubeide_1.6.1/stm32cubeide/plugins/com.st.stm32cube.ide.mcu.externaltools.gnu-tools-for-stm32.9-2020-q2-update.win32_1.5.0.202011040924/tools/bin/../lib/gcc/arm-none-eabi/9.3.1/thumb/v7e-m+fp/hard/crtn.o
                0x0000000020010000                _estack = (ORIGIN (RAM) + LENGTH (RAM))
                0x0000000000000200                _Min_Heap_Size = 0x200
                0x0000000000000400                _Min_Stack_Size = 0x400

.isr_vector     0x0000000008000000      0x194
                0x0000000008000000                . = ALIGN (0x4)
 *(.isr_vector)
 .isr_vector    0x0000000008000000      0x194 Core/Startup/startup_stm32f401ccux.o
                0x0000000008000000                g_pfnVectors
                0x0000000008000194                . = ALIGN (0x4)

.text           0x0000000008000198     0x4918
                0x0000000008000198                . = ALIGN (0x4)
 *(.text)
 .text          0x0000000008000198       0x40 c:/st/stm32cubeide_1.6.1/stm32cubeide/plugins/com.st.stm32cube.ide.mcu.externaltools.gnu-tools-for-stm32.9-2020-q2-update.win32_1.5.0.202011040924/tools/bin/../lib/gcc/arm-none-eabi/9.3.1/thumb/v7e-m+fp/hard/crtbegin.o
 .text          0x00000000080001d8      0x378 c:/st/stm32cubeide_1.6.1/stm32cubeide/plugins/com.st.stm32cube.ide.mcu.externaltools.gnu-tools-for-stm32.9-2020-q2-update.win32_1.5.0.202011040924/tools/bin/../lib/gcc/arm-none-eabi/9.3.1/thumb/v7e-m+fp/hard\libgcc.a(_arm_addsubdf3.o)
                0x00000000080001d8                __aeabi_drsub
                0x00000000080001e0                __aeabi_dsub
                0x00000000080001e0                __subdf3
                0x00000000080001e4                __aeabi_dadd
                0x00000000080001e4                __adddf3
                0x000000000800045c                __floatunsidf
                0x000000000800045c                __aeabi_ui2d
                0x000000000800047c                __floatsidf
                0x000000000800047c                __aeabi_i2d
                0x00000000080004a0                __aeabi_f2d
                0x00000000080004a0                __extendsfdf2
                0x00000000080004e4                __floatundidf
                0x00000000080004e4                __aeabi_ul2d
                0x00000000080004f4                __floatdidf
                0x00000000080004f4                __aeabi_l2d
 .text          0x0000000008000550      0x424 c:/st/stm32cubeide_1.6.1/stm32cubeide/plugins/com.st.stm32cube.ide.mcu.externaltools.gnu-tools-for-stm32.9-2020-q2-update.win32_1.5.0.202011040924/tools/bin/../lib/gcc/arm-none-eabi/9.3.1/thumb/v7e-m+fp/hard\libgcc.a(_arm_muldivdf3.o)
                0x0000000008000550                __aeabi_dmul
                0x0000000008000550                __muldf3
                0x00000000080007a4                __divdf3
                0x00000000080007a4                __aeabi_ddiv
 .text          0x0000000008000974      0x110 c:/st/stm32cubeide_1.6.1/stm32cubeide/plugins/com.st.stm32cube.ide.mcu.externaltools.gnu-tools-for-stm32.9-2020-q2-update.win32_1.5.0.202011040924/tools/bin/../lib/gcc/arm-none-eabi/9.3.1/thumb/v7e-m+fp/hard\libgcc.a(_arm_cmpdf2.o)
                0x0000000008000974                __gtdf2
                0x0000000008000974                __gedf2
                0x000000000800097c                __ltdf2
                0x000000000800097c                __ledf2
                0x0000000008000984                __nedf2
                0x0000000008000984                __eqdf2
                0x0000000008000984                __cmpdf2
                0x0000000008000a00                __aeabi_cdrcmple
                0x0000000008000a10                __aeabi_cdcmpeq
                0x0000000008000a10                __aeabi_cdcmple
                0x0000000008000a20                __aeabi_dcmpeq
                0x0000000008000a34                __aeabi_dcmplt
                0x0000000008000a48                __aeabi_dcmple
                0x0000000008000a5c                __aeabi_dcmpge
                0x0000000008000a70                __aeabi_dcmpgt
 .text          0x0000000008000a84       0x40 c:/st/stm32cubeide_1.6.1/stm32cubeide/plugins/com.st.stm32cube.ide.mcu.externaltools.gnu-tools-for-stm32.9-2020-q2-update.win32_1.5.0.202011040924/tools/bin/../lib/gcc/arm-none-eabi/9.3.1/thumb/v7e-m+fp/hard\libgcc.a(_arm_fixunsdfsi.o)
                0x0000000008000a84                __aeabi_d2uiz
                0x0000000008000a84                __fixunsdfsi
 .text          0x0000000008000ac4       0xa0 c:/st/stm32cubeide_1.6.1/stm32cubeide/plugins/com.st.stm32cube.ide.mcu.externaltools.gnu-tools-for-stm32.9-2020-q2-update.win32_1.5.0.202011040924/tools/bin/../lib/gcc/arm-none-eabi/9.3.1/thumb/v7e-m+fp/hard\libgcc.a(_arm_truncdfsf2.o)
                0x0000000008000ac4                __truncdfsf2
                0x0000000008000ac4                __aeabi_d2f
 .text          0x0000000008000b64       0x30 c:/st/stm32cubeide_1.6.1/stm32cubeide/plugins/com.st.stm32cube.ide.mcu.externaltools.gnu-tools-for-stm32.9-2020-q2-update.win32_1.5.0.202011040924/tools/bin/../lib/gcc/arm-none-eabi/9.3.1/thumb/v7e-m+fp/hard\libgcc.a(_aeabi_uldivmod.o)
                0x0000000008000b64                __aeabi_uldivmod
 .text          0x0000000008000b94      0x2c4 c:/st/stm32cubeide_1.6.1/stm32cubeide/plugins/com.st.stm32cube.ide.mcu.externaltools.gnu-tools-for-stm32.9-2020-q2-update.win32_1.5.0.202011040924/tools/bin/../lib/gcc/arm-none-eabi/9.3.1/thumb/v7e-m+fp/hard\libgcc.a(_udivmoddi4.o)
                0x0000000008000b94                __udivmoddi4
 .text          0x0000000008000e58        0x4 c:/st/stm32cubeide_1.6.1/stm32cubeide/plugins/com.st.stm32cube.ide.mcu.externaltools.gnu-tools-for-stm32.9-2020-q2-update.win32_1.5.0.202011040924/tools/bin/../lib/gcc/arm-none-eabi/9.3.1/thumb/v7e-m+fp/hard\libgcc.a(_dvmd_tls.o)
                0x0000000008000e58                __aeabi_idiv0
                0x0000000008000e58                __aeabi_ldiv0
 *(.text*)
 .text.nrf24_WriteReg
                0x0000000008000e5c       0x50 Core/Src/NRF24L01.o
 .text.nrf24_WriteReg_Multi
                0x0000000008000eac       0x58 Core/Src/NRF24L01.o
 .text.nrf24_ReadReg
                0x0000000008000f04       0x4c Core/Src/NRF24L01.o
 .text.nrfsendCmd
                0x0000000008000f50       0x3c Core/Src/NRF24L01.o
 .text.nrf24_reset
                0x0000000008000f8c      0x150 Core/Src/NRF24L01.o
                0x0000000008000f8c                nrf24_reset
 .text.NRF24_Init
                0x00000000080010dc       0x54 Core/Src/NRF24L01.o
                0x00000000080010dc                NRF24_Init
 .text.SetRF    0x0000000008001130       0x78 Core/Src/NRF24L01.o
                0x0000000008001130                SetRF
 .text.NRF24_RxMode
                0x00000000080011a8       0x7c Core/Src/NRF24L01.o
                0x00000000080011a8                NRF24_RxMode
 .text.DataReady
                0x0000000008001224       0x46 Core/Src/NRF24L01.o
                0x0000000008001224                DataReady
 .text.RxFifoEmpty
                0x000000000800126a       0x1a Core/Src/NRF24L01.o
                0x000000000800126a                RxFifoEmpty
 .text.NRF24_Receive
                0x0000000008001284       0x64 Core/Src/NRF24L01.o
                0x0000000008001284                NRF24_Receive
 .text.MX_GPIO_Init
                0x00000000080012e8       0xa0 Core/Src/gpio.o
                0x00000000080012e8                MX_GPIO_Init
 .text.MX_I2C1_Init
                0x0000000008001388       0x5c Core/Src/i2c.o
                0x0000000008001388                MX_I2C1_Init
 .text.HAL_I2C_MspInit
                0x00000000080013e4       0x90 Core/Src/i2c.o
                0x00000000080013e4                HAL_I2C_MspInit
 .text.reset_data
                0x0000000008001474       0x44 Core/Src/main.o
                0x0000000008001474                reset_data
 .text.main     0x00000000080014b8       0xcc Core/Src/main.o
                0x00000000080014b8                main
 .text.SystemClock_Config
                0x0000000008001584       0xd4 Core/Src/main.o
                0x0000000008001584                SystemClock_Config
 .text.Error_Handler
                0x0000000008001658        0xa Core/Src/main.o
                0x0000000008001658                Error_Handler
 *fill*         0x0000000008001662        0x2 
 .text.PCA9685_SetBit
                0x0000000008001664       0xb4 Core/Src/pca9685.o
                0x0000000008001664                PCA9685_SetBit
 .text.PCA9685_SoftwareReset
                0x0000000008001718       0x34 Core/Src/pca9685.o
                0x0000000008001718                PCA9685_SoftwareReset
 .text.PCA9685_SleepMode
                0x000000000800174c       0x20 Core/Src/pca9685.o
                0x000000000800174c                PCA9685_SleepMode
 .text.PCA9685_RestartMode
                0x000000000800176c       0x20 Core/Src/pca9685.o
                0x000000000800176c                PCA9685_RestartMode
 .text.PCA9685_AutoIncrement
                0x000000000800178c       0x20 Core/Src/pca9685.o
                0x000000000800178c                PCA9685_AutoIncrement
 *fill*         0x00000000080017ac        0x4 
 .text.PCA9685_SetPwmFrequency
                0x00000000080017b0       0xf8 Core/Src/pca9685.o
                0x00000000080017b0                PCA9685_SetPwmFrequency
 .text.PCA9685_SetPwm
                0x00000000080018a8       0x74 Core/Src/pca9685.o
                0x00000000080018a8                PCA9685_SetPwm
 .text.PCA9685_SetPin
                0x000000000800191c       0xbc Core/Src/pca9685.o
                0x000000000800191c                PCA9685_SetPin
 .text.PCA9685_SetServoAngle
                0x00000000080019d8       0xb8 Core/Src/pca9685.o
                0x00000000080019d8                PCA9685_SetServoAngle
 .text.PCA9685_Init
                0x0000000008001a90       0x2c Core/Src/pca9685.o
                0x0000000008001a90                PCA9685_Init
 .text.MX_SPI1_Init
                0x0000000008001abc       0x6c Core/Src/spi.o
                0x0000000008001abc                MX_SPI1_Init
 .text.HAL_SPI_MspInit
                0x0000000008001b28       0x90 Core/Src/spi.o
                0x0000000008001b28                HAL_SPI_MspInit
 .text.HAL_MspInit
                0x0000000008001bb8       0x50 Core/Src/stm32f4xx_hal_msp.o
                0x0000000008001bb8                HAL_MspInit
 .text.NMI_Handler
                0x0000000008001c08        0x6 Core/Src/stm32f4xx_it.o
                0x0000000008001c08                NMI_Handler
 .text.HardFault_Handler
                0x0000000008001c0e        0x6 Core/Src/stm32f4xx_it.o
                0x0000000008001c0e                HardFault_Handler
 .text.MemManage_Handler
                0x0000000008001c14        0x6 Core/Src/stm32f4xx_it.o
                0x0000000008001c14                MemManage_Handler
 .text.BusFault_Handler
                0x0000000008001c1a        0x6 Core/Src/stm32f4xx_it.o
                0x0000000008001c1a                BusFault_Handler
 .text.UsageFault_Handler
                0x0000000008001c20        0x6 Core/Src/stm32f4xx_it.o
                0x0000000008001c20                UsageFault_Handler
 .text.SVC_Handler
                0x0000000008001c26        0xe Core/Src/stm32f4xx_it.o
                0x0000000008001c26                SVC_Handler
 .text.DebugMon_Handler
                0x0000000008001c34        0xe Core/Src/stm32f4xx_it.o
                0x0000000008001c34                DebugMon_Handler
 .text.PendSV_Handler
                0x0000000008001c42        0xe Core/Src/stm32f4xx_it.o
                0x0000000008001c42                PendSV_Handler
 .text.SysTick_Handler
                0x0000000008001c50        0xc Core/Src/stm32f4xx_it.o
                0x0000000008001c50                SysTick_Handler
 .text.SystemInit
                0x0000000008001c5c       0x24 Core/Src/system_stm32f4xx.o
                0x0000000008001c5c                SystemInit
 .text.Reset_Handler
                0x0000000008001c80       0x50 Core/Startup/startup_stm32f401ccux.o
                0x0000000008001c80                Reset_Handler
 .text.Default_Handler
                0x0000000008001cd0        0x2 Core/Startup/startup_stm32f401ccux.o
                0x0000000008001cd0                RTC_Alarm_IRQHandler
                0x0000000008001cd0                EXTI2_IRQHandler
                0x0000000008001cd0                SPI4_IRQHandler
                0x0000000008001cd0                TIM1_CC_IRQHandler
                0x0000000008001cd0                DMA2_Stream5_IRQHandler
                0x0000000008001cd0                DMA1_Stream5_IRQHandler
                0x0000000008001cd0                PVD_IRQHandler
                0x0000000008001cd0                SDIO_IRQHandler
                0x0000000008001cd0                TAMP_STAMP_IRQHandler
                0x0000000008001cd0                EXTI3_IRQHandler
                0x0000000008001cd0                TIM1_UP_TIM10_IRQHandler
                0x0000000008001cd0                I2C3_ER_IRQHandler
                0x0000000008001cd0                EXTI0_IRQHandler
                0x0000000008001cd0                I2C2_EV_IRQHandler
                0x0000000008001cd0                DMA1_Stream2_IRQHandler
                0x0000000008001cd0                FPU_IRQHandler
                0x0000000008001cd0                DMA2_Stream2_IRQHandler
                0x0000000008001cd0                SPI1_IRQHandler
                0x0000000008001cd0                TIM1_BRK_TIM9_IRQHandler
                0x0000000008001cd0                DMA2_Stream3_IRQHandler
                0x0000000008001cd0                USART6_IRQHandler
                0x0000000008001cd0                DMA2_Stream0_IRQHandler
                0x0000000008001cd0                TIM4_IRQHandler
                0x0000000008001cd0                I2C1_EV_IRQHandler
                0x0000000008001cd0                DMA1_Stream6_IRQHandler
                0x0000000008001cd0                DMA1_Stream1_IRQHandler
                0x0000000008001cd0                TIM3_IRQHandler
                0x0000000008001cd0                RCC_IRQHandler
                0x0000000008001cd0                Default_Handler
                0x0000000008001cd0                EXTI15_10_IRQHandler
                0x0000000008001cd0                ADC_IRQHandler
                0x0000000008001cd0                DMA1_Stream7_IRQHandler
                0x0000000008001cd0                TIM5_IRQHandler
                0x0000000008001cd0                DMA2_Stream7_IRQHandler
                0x0000000008001cd0                I2C3_EV_IRQHandler
                0x0000000008001cd0                EXTI9_5_IRQHandler
                0x0000000008001cd0                RTC_WKUP_IRQHandler
                0x0000000008001cd0                SPI2_IRQHandler
                0x0000000008001cd0                DMA1_Stream0_IRQHandler
                0x0000000008001cd0                EXTI4_IRQHandler
                0x0000000008001cd0                WWDG_IRQHandler
                0x0000000008001cd0                TIM2_IRQHandler
                0x0000000008001cd0                OTG_FS_WKUP_IRQHandler
                0x0000000008001cd0                TIM1_TRG_COM_TIM11_IRQHandler
                0x0000000008001cd0                EXTI1_IRQHandler
                0x0000000008001cd0                USART2_IRQHandler
                0x0000000008001cd0                I2C2_ER_IRQHandler
                0x0000000008001cd0                DMA2_Stream1_IRQHandler
                0x0000000008001cd0                FLASH_IRQHandler
                0x0000000008001cd0                DMA2_Stream4_IRQHandler
                0x0000000008001cd0                USART1_IRQHandler
                0x0000000008001cd0                OTG_FS_IRQHandler
                0x0000000008001cd0                SPI3_IRQHandler
                0x0000000008001cd0                DMA1_Stream4_IRQHandler
                0x0000000008001cd0                I2C1_ER_IRQHandler
                0x0000000008001cd0                DMA2_Stream6_IRQHandler
                0x0000000008001cd0                DMA1_Stream3_IRQHandler
 *fill*         0x0000000008001cd2        0x2 
 .text.HAL_Init
                0x0000000008001cd4       0x44 Drivers/STM32F4xx_HAL_Driver/Src/stm32f4xx_hal.o
                0x0000000008001cd4                HAL_Init
 .text.HAL_InitTick
                0x0000000008001d18       0x60 Drivers/STM32F4xx_HAL_Driver/Src/stm32f4xx_hal.o
                0x0000000008001d18                HAL_InitTick
 .text.HAL_IncTick
                0x0000000008001d78       0x28 Drivers/STM32F4xx_HAL_Driver/Src/stm32f4xx_hal.o
                0x0000000008001d78                HAL_IncTick
 .text.HAL_GetTick
                0x0000000008001da0       0x18 Drivers/STM32F4xx_HAL_Driver/Src/stm32f4xx_hal.o
                0x0000000008001da0                HAL_GetTick
 .text.HAL_Delay
                0x0000000008001db8       0x48 Drivers/STM32F4xx_HAL_Driver/Src/stm32f4xx_hal.o
                0x0000000008001db8                HAL_Delay
 .text.__NVIC_SetPriorityGrouping
                0x0000000008001e00       0x48 Drivers/STM32F4xx_HAL_Driver/Src/stm32f4xx_hal_cortex.o
 .text.__NVIC_GetPriorityGrouping
                0x0000000008001e48       0x1c Drivers/STM32F4xx_HAL_Driver/Src/stm32f4xx_hal_cortex.o
 .text.__NVIC_SetPriority
                0x0000000008001e64       0x54 Drivers/STM32F4xx_HAL_Driver/Src/stm32f4xx_hal_cortex.o
 .text.NVIC_EncodePriority
                0x0000000008001eb8       0x66 Drivers/STM32F4xx_HAL_Driver/Src/stm32f4xx_hal_cortex.o
 *fill*         0x0000000008001f1e        0x2 
 .text.SysTick_Config
                0x0000000008001f20       0x44 Drivers/STM32F4xx_HAL_Driver/Src/stm32f4xx_hal_cortex.o
 .text.HAL_NVIC_SetPriorityGrouping
                0x0000000008001f64       0x16 Drivers/STM32F4xx_HAL_Driver/Src/stm32f4xx_hal_cortex.o
                0x0000000008001f64                HAL_NVIC_SetPriorityGrouping
 .text.HAL_NVIC_SetPriority
                0x0000000008001f7a       0x38 Drivers/STM32F4xx_HAL_Driver/Src/stm32f4xx_hal_cortex.o
                0x0000000008001f7a                HAL_NVIC_SetPriority
 .text.HAL_SYSTICK_Config
                0x0000000008001fb2       0x18 Drivers/STM32F4xx_HAL_Driver/Src/stm32f4xx_hal_cortex.o
                0x0000000008001fb2                HAL_SYSTICK_Config
 *fill*         0x0000000008001fca        0x2 
 .text.HAL_GPIO_Init
                0x0000000008001fcc      0x308 Drivers/STM32F4xx_HAL_Driver/Src/stm32f4xx_hal_gpio.o
                0x0000000008001fcc                HAL_GPIO_Init
 .text.HAL_GPIO_WritePin
                0x00000000080022d4       0x32 Drivers/STM32F4xx_HAL_Driver/Src/stm32f4xx_hal_gpio.o
                0x00000000080022d4                HAL_GPIO_WritePin
 *fill*         0x0000000008002306        0x2 
 .text.HAL_I2C_Init
                0x0000000008002308      0x288 Drivers/STM32F4xx_HAL_Driver/Src/stm32f4xx_hal_i2c.o
                0x0000000008002308                HAL_I2C_Init
 .text.HAL_I2C_Master_Transmit
                0x0000000008002590      0x1fc Drivers/STM32F4xx_HAL_Driver/Src/stm32f4xx_hal_i2c.o
                0x0000000008002590                HAL_I2C_Master_Transmit
 .text.HAL_I2C_Mem_Write
                0x000000000800278c      0x1f4 Drivers/STM32F4xx_HAL_Driver/Src/stm32f4xx_hal_i2c.o
                0x000000000800278c                HAL_I2C_Mem_Write
 .text.HAL_I2C_Mem_Read
                0x0000000008002980      0x44c Drivers/STM32F4xx_HAL_Driver/Src/stm32f4xx_hal_i2c.o
                0x0000000008002980                HAL_I2C_Mem_Read
 .text.I2C_MasterRequestWrite
                0x0000000008002dcc      0x104 Drivers/STM32F4xx_HAL_Driver/Src/stm32f4xx_hal_i2c.o
 .text.I2C_RequestMemoryWrite
                0x0000000008002ed0      0x12c Drivers/STM32F4xx_HAL_Driver/Src/stm32f4xx_hal_i2c.o
 .text.I2C_RequestMemoryRead
                0x0000000008002ffc      0x1d0 Drivers/STM32F4xx_HAL_Driver/Src/stm32f4xx_hal_i2c.o
 .text.I2C_WaitOnFlagUntilTimeout
                0x00000000080031cc       0xae Drivers/STM32F4xx_HAL_Driver/Src/stm32f4xx_hal_i2c.o
 .text.I2C_WaitOnMasterAddressFlagUntilTimeout
                0x000000000800327a       0xfe Drivers/STM32F4xx_HAL_Driver/Src/stm32f4xx_hal_i2c.o
 .text.I2C_WaitOnTXEFlagUntilTimeout
                0x0000000008003378       0x82 Drivers/STM32F4xx_HAL_Driver/Src/stm32f4xx_hal_i2c.o
 .text.I2C_WaitOnBTFFlagUntilTimeout
                0x00000000080033fa       0x82 Drivers/STM32F4xx_HAL_Driver/Src/stm32f4xx_hal_i2c.o
 .text.I2C_WaitOnRXNEFlagUntilTimeout
                0x000000000800347c       0xac Drivers/STM32F4xx_HAL_Driver/Src/stm32f4xx_hal_i2c.o
 .text.I2C_IsAcknowledgeFailed
                0x0000000008003528       0x5e Drivers/STM32F4xx_HAL_Driver/Src/stm32f4xx_hal_i2c.o
 *fill*         0x0000000008003586        0x2 
 .text.HAL_RCC_OscConfig
                0x0000000008003588      0x4f0 Drivers/STM32F4xx_HAL_Driver/Src/stm32f4xx_hal_rcc.o
                0x0000000008003588                HAL_RCC_OscConfig
 .text.HAL_RCC_ClockConfig
                0x0000000008003a78      0x1cc Drivers/STM32F4xx_HAL_Driver/Src/stm32f4xx_hal_rcc.o
                0x0000000008003a78                HAL_RCC_ClockConfig
 .text.HAL_RCC_GetSysClockFreq
                0x0000000008003c44      0x16c Drivers/STM32F4xx_HAL_Driver/Src/stm32f4xx_hal_rcc.o
                0x0000000008003c44                HAL_RCC_GetSysClockFreq
 .text.HAL_RCC_GetHCLKFreq
                0x0000000008003db0       0x18 Drivers/STM32F4xx_HAL_Driver/Src/stm32f4xx_hal_rcc.o
                0x0000000008003db0                HAL_RCC_GetHCLKFreq
 .text.HAL_RCC_GetPCLK1Freq
                0x0000000008003dc8       0x28 Drivers/STM32F4xx_HAL_Driver/Src/stm32f4xx_hal_rcc.o
                0x0000000008003dc8                HAL_RCC_GetPCLK1Freq
 .text.HAL_SPI_Init
                0x0000000008003df0      0x112 Drivers/STM32F4xx_HAL_Driver/Src/stm32f4xx_hal_spi.o
                0x0000000008003df0                HAL_SPI_Init
 .text.HAL_SPI_Transmit
                0x0000000008003f02      0x278 Drivers/STM32F4xx_HAL_Driver/Src/stm32f4xx_hal_spi.o
                0x0000000008003f02                HAL_SPI_Transmit
 .text.HAL_SPI_Receive
                0x000000000800417a      0x222 Drivers/STM32F4xx_HAL_Driver/Src/stm32f4xx_hal_spi.o
                0x000000000800417a                HAL_SPI_Receive
 .text.HAL_SPI_TransmitReceive
                0x000000000800439c      0x344 Drivers/STM32F4xx_HAL_Driver/Src/stm32f4xx_hal_spi.o
                0x000000000800439c                HAL_SPI_TransmitReceive
 .text.SPI_WaitFlagStateUntilTimeout
                0x00000000080046e0      0x110 Drivers/STM32F4xx_HAL_Driver/Src/stm32f4xx_hal_spi.o
 .text.SPI_EndRxTransaction
                0x00000000080047f0       0xca Drivers/STM32F4xx_HAL_Driver/Src/stm32f4xx_hal_spi.o
 *fill*         0x00000000080048ba        0x2 
 .text.SPI_EndRxTxTransaction
                0x00000000080048bc       0x84 Drivers/STM32F4xx_HAL_Driver/Src/stm32f4xx_hal_spi.o
 .text.__libc_init_array
                0x0000000008004940       0x48 c:/st/stm32cubeide_1.6.1/stm32cubeide/plugins/com.st.stm32cube.ide.mcu.externaltools.gnu-tools-for-stm32.9-2020-q2-update.win32_1.5.0.202011040924/tools/bin/../lib/gcc/arm-none-eabi/9.3.1/../../../../arm-none-eabi/lib/thumb/v7e-m+fp/hard\libc_nano.a(lib_a-init.o)
                0x0000000008004940                __libc_init_array
 .text.memset   0x0000000008004988       0x10 c:/st/stm32cubeide_1.6.1/stm32cubeide/plugins/com.st.stm32cube.ide.mcu.externaltools.gnu-tools-for-stm32.9-2020-q2-update.win32_1.5.0.202011040924/tools/bin/../lib/gcc/arm-none-eabi/9.3.1/../../../../arm-none-eabi/lib/thumb/v7e-m+fp/hard\libc_nano.a(lib_a-memset.o)
                0x0000000008004988                memset
 .text.floor    0x0000000008004998      0x100 c:/st/stm32cubeide_1.6.1/stm32cubeide/plugins/com.st.stm32cube.ide.mcu.externaltools.gnu-tools-for-stm32.9-2020-q2-update.win32_1.5.0.202011040924/tools/bin/../lib/gcc/arm-none-eabi/9.3.1/../../../../arm-none-eabi/lib/thumb/v7e-m+fp/hard\libm.a(lib_a-s_floor.o)
                0x0000000008004998                floor
 *(.glue_7)
 .glue_7        0x0000000008004a98        0x0 linker stubs
 *(.glue_7t)
 .glue_7t       0x0000000008004a98        0x0 linker stubs
 *(.eh_frame)
 .eh_frame      0x0000000008004a98        0x0 c:/st/stm32cubeide_1.6.1/stm32cubeide/plugins/com.st.stm32cube.ide.mcu.externaltools.gnu-tools-for-stm32.9-2020-q2-update.win32_1.5.0.202011040924/tools/bin/../lib/gcc/arm-none-eabi/9.3.1/thumb/v7e-m+fp/hard/crtbegin.o
 *(.init)
 .init          0x0000000008004a98        0x4 c:/st/stm32cubeide_1.6.1/stm32cubeide/plugins/com.st.stm32cube.ide.mcu.externaltools.gnu-tools-for-stm32.9-2020-q2-update.win32_1.5.0.202011040924/tools/bin/../lib/gcc/arm-none-eabi/9.3.1/thumb/v7e-m+fp/hard/crti.o
                0x0000000008004a98                _init
 .init          0x0000000008004a9c        0x8 c:/st/stm32cubeide_1.6.1/stm32cubeide/plugins/com.st.stm32cube.ide.mcu.externaltools.gnu-tools-for-stm32.9-2020-q2-update.win32_1.5.0.202011040924/tools/bin/../lib/gcc/arm-none-eabi/9.3.1/thumb/v7e-m+fp/hard/crtn.o
 *(.fini)
 .fini          0x0000000008004aa4        0x4 c:/st/stm32cubeide_1.6.1/stm32cubeide/plugins/com.st.stm32cube.ide.mcu.externaltools.gnu-tools-for-stm32.9-2020-q2-update.win32_1.5.0.202011040924/tools/bin/../lib/gcc/arm-none-eabi/9.3.1/thumb/v7e-m+fp/hard/crti.o
                0x0000000008004aa4                _fini
 .fini          0x0000000008004aa8        0x8 c:/st/stm32cubeide_1.6.1/stm32cubeide/plugins/com.st.stm32cube.ide.mcu.externaltools.gnu-tools-for-stm32.9-2020-q2-update.win32_1.5.0.202011040924/tools/bin/../lib/gcc/arm-none-eabi/9.3.1/thumb/v7e-m+fp/hard/crtn.o
                0x0000000008004ab0                . = ALIGN (0x4)
                0x0000000008004ab0                _etext = .

.vfp11_veneer   0x0000000008004ab0        0x0
 .vfp11_veneer  0x0000000008004ab0        0x0 linker stubs

.v4_bx          0x0000000008004ab0        0x0
 .v4_bx         0x0000000008004ab0        0x0 linker stubs

.iplt           0x0000000008004ab0        0x0
 .iplt          0x0000000008004ab0        0x0 c:/st/stm32cubeide_1.6.1/stm32cubeide/plugins/com.st.stm32cube.ide.mcu.externaltools.gnu-tools-for-stm32.9-2020-q2-update.win32_1.5.0.202011040924/tools/bin/../lib/gcc/arm-none-eabi/9.3.1/thumb/v7e-m+fp/hard/crtbegin.o

.rodata         0x0000000008004ab0       0x30
                0x0000000008004ab0                . = ALIGN (0x4)
 *(.rodata)
 .rodata        0x0000000008004ab0       0x15 Core/Src/NRF24L01.o
 *(.rodata*)
 *fill*         0x0000000008004ac5        0x3 
 .rodata.AHBPrescTable
                0x0000000008004ac8       0x10 Core/Src/system_stm32f4xx.o
                0x0000000008004ac8                AHBPrescTable
 .rodata.APBPrescTable
                0x0000000008004ad8        0x8 Core/Src/system_stm32f4xx.o
                0x0000000008004ad8                APBPrescTable
                0x0000000008004ae0                . = ALIGN (0x4)

.ARM.extab      0x0000000008004ae0        0x0
                0x0000000008004ae0                . = ALIGN (0x4)
 *(.ARM.extab* .gnu.linkonce.armextab.*)
                0x0000000008004ae0                . = ALIGN (0x4)

.ARM            0x0000000008004ae0        0x8
                0x0000000008004ae0                . = ALIGN (0x4)
                0x0000000008004ae0                __exidx_start = .
 *(.ARM.exidx*)
 .ARM.exidx     0x0000000008004ae0        0x8 c:/st/stm32cubeide_1.6.1/stm32cubeide/plugins/com.st.stm32cube.ide.mcu.externaltools.gnu-tools-for-stm32.9-2020-q2-update.win32_1.5.0.202011040924/tools/bin/../lib/gcc/arm-none-eabi/9.3.1/thumb/v7e-m+fp/hard\libgcc.a(_udivmoddi4.o)
                0x0000000008004ae8                __exidx_end = .
                0x0000000008004ae8                . = ALIGN (0x4)

.rel.dyn        0x0000000008004ae8        0x0
 .rel.iplt      0x0000000008004ae8        0x0 c:/st/stm32cubeide_1.6.1/stm32cubeide/plugins/com.st.stm32cube.ide.mcu.externaltools.gnu-tools-for-stm32.9-2020-q2-update.win32_1.5.0.202011040924/tools/bin/../lib/gcc/arm-none-eabi/9.3.1/thumb/v7e-m+fp/hard/crtbegin.o

.preinit_array  0x0000000008004ae8        0x0
                0x0000000008004ae8                . = ALIGN (0x4)
                0x0000000008004ae8                PROVIDE (__preinit_array_start = .)
 *(.preinit_array*)
                0x0000000008004ae8                PROVIDE (__preinit_array_end = .)
                0x0000000008004ae8                . = ALIGN (0x4)

.init_array     0x0000000008004ae8        0x4
                0x0000000008004ae8                . = ALIGN (0x4)
                0x0000000008004ae8                PROVIDE (__init_array_start = .)
 *(SORT_BY_NAME(.init_array.*))
 *(.init_array*)
 .init_array    0x0000000008004ae8        0x4 c:/st/stm32cubeide_1.6.1/stm32cubeide/plugins/com.st.stm32cube.ide.mcu.externaltools.gnu-tools-for-stm32.9-2020-q2-update.win32_1.5.0.202011040924/tools/bin/../lib/gcc/arm-none-eabi/9.3.1/thumb/v7e-m+fp/hard/crtbegin.o
                0x0000000008004aec                PROVIDE (__init_array_end = .)
                0x0000000008004aec                . = ALIGN (0x4)

.fini_array     0x0000000008004aec        0x4
                0x0000000008004aec                . = ALIGN (0x4)
                [!provide]                        PROVIDE (__fini_array_start = .)
 *(SORT_BY_NAME(.fini_array.*))
 *(.fini_array*)
 .fini_array    0x0000000008004aec        0x4 c:/st/stm32cubeide_1.6.1/stm32cubeide/plugins/com.st.stm32cube.ide.mcu.externaltools.gnu-tools-for-stm32.9-2020-q2-update.win32_1.5.0.202011040924/tools/bin/../lib/gcc/arm-none-eabi/9.3.1/thumb/v7e-m+fp/hard/crtbegin.o
                [!provide]                        PROVIDE (__fini_array_end = .)
                0x0000000008004af0                . = ALIGN (0x4)
                0x0000000008004af0                _sidata = LOADADDR (.data)

.data           0x0000000020000000       0x14 load address 0x0000000008004af0
                0x0000000020000000                . = ALIGN (0x4)
                0x0000000020000000                _sdata = .
 *(.data)
 *(.data*)
 .data.Rxaddr   0x0000000020000000        0x5 Core/Src/main.o
                0x0000000020000000                Rxaddr
 *fill*         0x0000000020000005        0x3 
 .data.SystemCoreClock
                0x0000000020000008        0x4 Core/Src/system_stm32f4xx.o
                0x0000000020000008                SystemCoreClock
 .data.uwTickPrio
                0x000000002000000c        0x4 Drivers/STM32F4xx_HAL_Driver/Src/stm32f4xx_hal.o
                0x000000002000000c                uwTickPrio
 .data.uwTickFreq
                0x0000000020000010        0x1 Drivers/STM32F4xx_HAL_Driver/Src/stm32f4xx_hal.o
                0x0000000020000010                uwTickFreq
 *(.RamFunc)
 *(.RamFunc*)
                0x0000000020000014                . = ALIGN (0x4)
 *fill*         0x0000000020000011        0x3 
                0x0000000020000014                _edata = .

.igot.plt       0x0000000020000014        0x0 load address 0x0000000008004b04
 .igot.plt      0x0000000020000014        0x0 c:/st/stm32cubeide_1.6.1/stm32cubeide/plugins/com.st.stm32cube.ide.mcu.externaltools.gnu-tools-for-stm32.9-2020-q2-update.win32_1.5.0.202011040924/tools/bin/../lib/gcc/arm-none-eabi/9.3.1/thumb/v7e-m+fp/hard/crtbegin.o
                0x0000000020000014                . = ALIGN (0x4)

.bss            0x0000000020000014      0x108 load address 0x0000000008004b04
                0x0000000020000014                _sbss = .
                0x0000000020000014                __bss_start__ = _sbss
 *(.bss)
 .bss           0x0000000020000014       0x1c c:/st/stm32cubeide_1.6.1/stm32cubeide/plugins/com.st.stm32cube.ide.mcu.externaltools.gnu-tools-for-stm32.9-2020-q2-update.win32_1.5.0.202011040924/tools/bin/../lib/gcc/arm-none-eabi/9.3.1/thumb/v7e-m+fp/hard/crtbegin.o
 *(.bss*)
 .bss.lastTime  0x0000000020000030        0x4 Core/Src/main.o
                0x0000000020000030                lastTime
 *(COMMON)
 COMMON         0x0000000020000034       0x54 Core/Src/i2c.o
                0x0000000020000034                hi2c1
 COMMON         0x0000000020000088       0x34 Core/Src/main.o
                0x0000000020000088                S3
                0x000000002000008c                Omega
                0x0000000020000090                x
                0x0000000020000094                S1
                0x0000000020000098                i
                0x000000002000009c                Vx
                0x00000000200000a0                S4
                0x00000000200000a4                S2
                0x00000000200000a8                RxData
                0x00000000200000b0                Joystick_x
                0x00000000200000b4                Vy
                0x00000000200000b8                Joystick_y
 COMMON         0x00000000200000bc        0x4 Core/Src/pca9685.o
                0x00000000200000bc                pca9685_i2c
 COMMON         0x00000000200000c0       0x58 Core/Src/spi.o
                0x00000000200000c0                hspi1
 COMMON         0x0000000020000118        0x4 Drivers/STM32F4xx_HAL_Driver/Src/stm32f4xx_hal.o
                0x0000000020000118                uwTick
                0x000000002000011c                . = ALIGN (0x4)
                0x000000002000011c                _ebss = .
                0x000000002000011c                __bss_end__ = _ebss

._user_heap_stack
                0x000000002000011c      0x604 load address 0x0000000008004b04
                0x0000000020000120                . = ALIGN (0x8)
 *fill*         0x000000002000011c        0x4 
                [!provide]                        PROVIDE (end = .)
                0x0000000020000120                PROVIDE (_end = .)
                0x0000000020000320                . = (. + _Min_Heap_Size)
 *fill*         0x0000000020000120      0x200 
                0x0000000020000720                . = (. + _Min_Stack_Size)
 *fill*         0x0000000020000320      0x400 
                0x0000000020000720                . = ALIGN (0x8)

/DISCARD/
 libc.a(*)
 libm.a(*)
 libgcc.a(*)

.ARM.attributes
                0x0000000000000000       0x30
 *(.ARM.attributes)
 .ARM.attributes
                0x0000000000000000       0x1e c:/st/stm32cubeide_1.6.1/stm32cubeide/plugins/com.st.stm32cube.ide.mcu.externaltools.gnu-tools-for-stm32.9-2020-q2-update.win32_1.5.0.202011040924/tools/bin/../lib/gcc/arm-none-eabi/9.3.1/thumb/v7e-m+fp/hard/crti.o
 .ARM.attributes
                0x000000000000001e       0x34 c:/st/stm32cubeide_1.6.1/stm32cubeide/plugins/com.st.stm32cube.ide.mcu.externaltools.gnu-tools-for-stm32.9-2020-q2-update.win32_1.5.0.202011040924/tools/bin/../lib/gcc/arm-none-eabi/9.3.1/thumb/v7e-m+fp/hard/crtbegin.o
 .ARM.attributes
                0x0000000000000052       0x34 Core/Src/NRF24L01.o
 .ARM.attributes
                0x0000000000000086       0x34 Core/Src/gpio.o
 .ARM.attributes
                0x00000000000000ba       0x34 Core/Src/i2c.o
 .ARM.attributes
                0x00000000000000ee       0x34 Core/Src/main.o
 .ARM.attributes
                0x0000000000000122       0x34 Core/Src/pca9685.o
 .ARM.attributes
                0x0000000000000156       0x34 Core/Src/spi.o
 .ARM.attributes
                0x000000000000018a       0x34 Core/Src/stm32f4xx_hal_msp.o
 .ARM.attributes
                0x00000000000001be       0x34 Core/Src/stm32f4xx_it.o
 .ARM.attributes
                0x00000000000001f2       0x34 Core/Src/system_stm32f4xx.o
 .ARM.attributes
                0x0000000000000226       0x21 Core/Startup/startup_stm32f401ccux.o
 .ARM.attributes
                0x0000000000000247       0x34 Drivers/STM32F4xx_HAL_Driver/Src/stm32f4xx_hal.o
 .ARM.attributes
                0x000000000000027b       0x34 Drivers/STM32F4xx_HAL_Driver/Src/stm32f4xx_hal_cortex.o
 .ARM.attributes
                0x00000000000002af       0x34 Drivers/STM32F4xx_HAL_Driver/Src/stm32f4xx_hal_gpio.o
 .ARM.attributes
                0x00000000000002e3       0x34 Drivers/STM32F4xx_HAL_Driver/Src/stm32f4xx_hal_i2c.o
 .ARM.attributes
                0x0000000000000317       0x34 Drivers/STM32F4xx_HAL_Driver/Src/stm32f4xx_hal_rcc.o
 .ARM.attributes
                0x000000000000034b       0x34 Drivers/STM32F4xx_HAL_Driver/Src/stm32f4xx_hal_spi.o
 .ARM.attributes
                0x000000000000037f       0x34 c:/st/stm32cubeide_1.6.1/stm32cubeide/plugins/com.st.stm32cube.ide.mcu.externaltools.gnu-tools-for-stm32.9-2020-q2-update.win32_1.5.0.202011040924/tools/bin/../lib/gcc/arm-none-eabi/9.3.1/../../../../arm-none-eabi/lib/thumb/v7e-m+fp/hard\libc_nano.a(lib_a-init.o)
 .ARM.attributes
                0x00000000000003b3       0x34 c:/st/stm32cubeide_1.6.1/stm32cubeide/plugins/com.st.stm32cube.ide.mcu.externaltools.gnu-tools-for-stm32.9-2020-q2-update.win32_1.5.0.202011040924/tools/bin/../lib/gcc/arm-none-eabi/9.3.1/../../../../arm-none-eabi/lib/thumb/v7e-m+fp/hard\libc_nano.a(lib_a-memset.o)
 .ARM.attributes
                0x00000000000003e7       0x34 c:/st/stm32cubeide_1.6.1/stm32cubeide/plugins/com.st.stm32cube.ide.mcu.externaltools.gnu-tools-for-stm32.9-2020-q2-update.win32_1.5.0.202011040924/tools/bin/../lib/gcc/arm-none-eabi/9.3.1/../../../../arm-none-eabi/lib/thumb/v7e-m+fp/hard\libm.a(lib_a-s_floor.o)
 .ARM.attributes
                0x000000000000041b       0x1e c:/st/stm32cubeide_1.6.1/stm32cubeide/plugins/com.st.stm32cube.ide.mcu.externaltools.gnu-tools-for-stm32.9-2020-q2-update.win32_1.5.0.202011040924/tools/bin/../lib/gcc/arm-none-eabi/9.3.1/thumb/v7e-m+fp/hard\libgcc.a(_arm_addsubdf3.o)
 .ARM.attributes
                0x0000000000000439       0x1e c:/st/stm32cubeide_1.6.1/stm32cubeide/plugins/com.st.stm32cube.ide.mcu.externaltools.gnu-tools-for-stm32.9-2020-q2-update.win32_1.5.0.202011040924/tools/bin/../lib/gcc/arm-none-eabi/9.3.1/thumb/v7e-m+fp/hard\libgcc.a(_arm_muldivdf3.o)
 .ARM.attributes
                0x0000000000000457       0x1e c:/st/stm32cubeide_1.6.1/stm32cubeide/plugins/com.st.stm32cube.ide.mcu.externaltools.gnu-tools-for-stm32.9-2020-q2-update.win32_1.5.0.202011040924/tools/bin/../lib/gcc/arm-none-eabi/9.3.1/thumb/v7e-m+fp/hard\libgcc.a(_arm_cmpdf2.o)
 .ARM.attributes
                0x0000000000000475       0x1e c:/st/stm32cubeide_1.6.1/stm32cubeide/plugins/com.st.stm32cube.ide.mcu.externaltools.gnu-tools-for-stm32.9-2020-q2-update.win32_1.5.0.202011040924/tools/bin/../lib/gcc/arm-none-eabi/9.3.1/thumb/v7e-m+fp/hard\libgcc.a(_arm_fixunsdfsi.o)
 .ARM.attributes
                0x0000000000000493       0x1e c:/st/stm32cubeide_1.6.1/stm32cubeide/plugins/com.st.stm32cube.ide.mcu.externaltools.gnu-tools-for-stm32.9-2020-q2-update.win32_1.5.0.202011040924/tools/bin/../lib/gcc/arm-none-eabi/9.3.1/thumb/v7e-m+fp/hard\libgcc.a(_arm_truncdfsf2.o)
 .ARM.attributes
                0x00000000000004b1       0x1e c:/st/stm32cubeide_1.6.1/stm32cubeide/plugins/com.st.stm32cube.ide.mcu.externaltools.gnu-tools-for-stm32.9-2020-q2-update.win32_1.5.0.202011040924/tools/bin/../lib/gcc/arm-none-eabi/9.3.1/thumb/v7e-m+fp/hard\libgcc.a(_aeabi_uldivmod.o)
 .ARM.attributes
                0x00000000000004cf       0x34 c:/st/stm32cubeide_1.6.1/stm32cubeide/plugins/com.st.stm32cube.ide.mcu.externaltools.gnu-tools-for-stm32.9-2020-q2-update.win32_1.5.0.202011040924/tools/bin/../lib/gcc/arm-none-eabi/9.3.1/thumb/v7e-m+fp/hard\libgcc.a(_udivmoddi4.o)
 .ARM.attributes
                0x0000000000000503       0x1e c:/st/stm32cubeide_1.6.1/stm32cubeide/plugins/com.st.stm32cube.ide.mcu.externaltools.gnu-tools-for-stm32.9-2020-q2-update.win32_1.5.0.202011040924/tools/bin/../lib/gcc/arm-none-eabi/9.3.1/thumb/v7e-m+fp/hard\libgcc.a(_dvmd_tls.o)
 .ARM.attributes
                0x0000000000000521       0x1e c:/st/stm32cubeide_1.6.1/stm32cubeide/plugins/com.st.stm32cube.ide.mcu.externaltools.gnu-tools-for-stm32.9-2020-q2-update.win32_1.5.0.202011040924/tools/bin/../lib/gcc/arm-none-eabi/9.3.1/thumb/v7e-m+fp/hard/crtn.o
OUTPUT(nRF24L01_SERVO_Rx.elf elf32-littlearm)
LOAD linker stubs
LOAD c:/st/stm32cubeide_1.6.1/stm32cubeide/plugins/com.st.stm32cube.ide.mcu.externaltools.gnu-tools-for-stm32.9-2020-q2-update.win32_1.5.0.202011040924/tools/bin/../lib/gcc/arm-none-eabi/9.3.1/../../../../arm-none-eabi/lib/thumb/v7e-m+fp/hard\libc.a
LOAD c:/st/stm32cubeide_1.6.1/stm32cubeide/plugins/com.st.stm32cube.ide.mcu.externaltools.gnu-tools-for-stm32.9-2020-q2-update.win32_1.5.0.202011040924/tools/bin/../lib/gcc/arm-none-eabi/9.3.1/../../../../arm-none-eabi/lib/thumb/v7e-m+fp/hard\libm.a
LOAD c:/st/stm32cubeide_1.6.1/stm32cubeide/plugins/com.st.stm32cube.ide.mcu.externaltools.gnu-tools-for-stm32.9-2020-q2-update.win32_1.5.0.202011040924/tools/bin/../lib/gcc/arm-none-eabi/9.3.1/thumb/v7e-m+fp/hard\libgcc.a

.debug_info     0x0000000000000000     0xbbb6
 .debug_info    0x0000000000000000      0xb7e Core/Src/NRF24L01.o
 .debug_info    0x0000000000000b7e      0x521 Core/Src/gpio.o
 .debug_info    0x000000000000109f      0xaaf Core/Src/i2c.o
 .debug_info    0x0000000000001b4e      0xf52 Core/Src/main.o
 .debug_info    0x0000000000002aa0     0x131c Core/Src/pca9685.o
 .debug_info    0x0000000000003dbc      0xa7e Core/Src/spi.o
 .debug_info    0x000000000000483a      0x3c0 Core/Src/stm32f4xx_hal_msp.o
 .debug_info    0x0000000000004bfa      0x222 Core/Src/stm32f4xx_it.o
 .debug_info    0x0000000000004e1c      0x5d0 Core/Src/system_stm32f4xx.o
 .debug_info    0x00000000000053ec       0x22 Core/Startup/startup_stm32f401ccux.o
 .debug_info    0x000000000000540e      0x93d Drivers/STM32F4xx_HAL_Driver/Src/stm32f4xx_hal.o
 .debug_info    0x0000000000005d4b      0xe41 Drivers/STM32F4xx_HAL_Driver/Src/stm32f4xx_hal_cortex.o
 .debug_info    0x0000000000006b8c      0x862 Drivers/STM32F4xx_HAL_Driver/Src/stm32f4xx_hal_gpio.o
 .debug_info    0x00000000000073ee     0x2653 Drivers/STM32F4xx_HAL_Driver/Src/stm32f4xx_hal_i2c.o
 .debug_info    0x0000000000009a41      0x9bd Drivers/STM32F4xx_HAL_Driver/Src/stm32f4xx_hal_rcc.o
 .debug_info    0x000000000000a3fe     0x17b8 Drivers/STM32F4xx_HAL_Driver/Src/stm32f4xx_hal_spi.o

.debug_abbrev   0x0000000000000000     0x1e0c
 .debug_abbrev  0x0000000000000000      0x28b Core/Src/NRF24L01.o
 .debug_abbrev  0x000000000000028b      0x14e Core/Src/gpio.o
 .debug_abbrev  0x00000000000003d9      0x1bb Core/Src/i2c.o
 .debug_abbrev  0x0000000000000594      0x25b Core/Src/main.o
 .debug_abbrev  0x00000000000007ef      0x25b Core/Src/pca9685.o
 .debug_abbrev  0x0000000000000a4a      0x1bb Core/Src/spi.o
 .debug_abbrev  0x0000000000000c05      0x11d Core/Src/stm32f4xx_hal_msp.o
 .debug_abbrev  0x0000000000000d22       0xd2 Core/Src/stm32f4xx_it.o
 .debug_abbrev  0x0000000000000df4      0x145 Core/Src/system_stm32f4xx.o
 .debug_abbrev  0x0000000000000f39       0x12 Core/Startup/startup_stm32f401ccux.o
 .debug_abbrev  0x0000000000000f4b      0x21e Drivers/STM32F4xx_HAL_Driver/Src/stm32f4xx_hal.o
 .debug_abbrev  0x0000000000001169      0x33c Drivers/STM32F4xx_HAL_Driver/Src/stm32f4xx_hal_cortex.o
 .debug_abbrev  0x00000000000014a5      0x1f1 Drivers/STM32F4xx_HAL_Driver/Src/stm32f4xx_hal_gpio.o
 .debug_abbrev  0x0000000000001696      0x293 Drivers/STM32F4xx_HAL_Driver/Src/stm32f4xx_hal_i2c.o
 .debug_abbrev  0x0000000000001929      0x275 Drivers/STM32F4xx_HAL_Driver/Src/stm32f4xx_hal_rcc.o
 .debug_abbrev  0x0000000000001b9e      0x26e Drivers/STM32F4xx_HAL_Driver/Src/stm32f4xx_hal_spi.o

.debug_aranges  0x0000000000000000      0x9f0
 .debug_aranges
                0x0000000000000000       0x90 Core/Src/NRF24L01.o
 .debug_aranges
                0x0000000000000090       0x20 Core/Src/gpio.o
 .debug_aranges
                0x00000000000000b0       0x30 Core/Src/i2c.o
 .debug_aranges
                0x00000000000000e0       0x40 Core/Src/main.o
 .debug_aranges
                0x0000000000000120       0x78 Core/Src/pca9685.o
 .debug_aranges
                0x0000000000000198       0x30 Core/Src/spi.o
 .debug_aranges
                0x00000000000001c8       0x20 Core/Src/stm32f4xx_hal_msp.o
 .debug_aranges
                0x00000000000001e8       0x60 Core/Src/stm32f4xx_it.o
 .debug_aranges
                0x0000000000000248       0x28 Core/Src/system_stm32f4xx.o
 .debug_aranges
                0x0000000000000270       0x28 Core/Startup/startup_stm32f401ccux.o
 .debug_aranges
                0x0000000000000298       0xf0 Drivers/STM32F4xx_HAL_Driver/Src/stm32f4xx_hal.o
 .debug_aranges
                0x0000000000000388      0x118 Drivers/STM32F4xx_HAL_Driver/Src/stm32f4xx_hal_cortex.o
 .debug_aranges
                0x00000000000004a0       0x58 Drivers/STM32F4xx_HAL_Driver/Src/stm32f4xx_hal_gpio.o
 .debug_aranges
                0x00000000000004f8      0x2a0 Drivers/STM32F4xx_HAL_Driver/Src/stm32f4xx_hal_i2c.o
 .debug_aranges
                0x0000000000000798       0x88 Drivers/STM32F4xx_HAL_Driver/Src/stm32f4xx_hal_rcc.o
 .debug_aranges
                0x0000000000000820      0x1d0 Drivers/STM32F4xx_HAL_Driver/Src/stm32f4xx_hal_spi.o

.debug_ranges   0x0000000000000000      0x920
 .debug_ranges  0x0000000000000000       0x80 Core/Src/NRF24L01.o
 .debug_ranges  0x0000000000000080       0x10 Core/Src/gpio.o
 .debug_ranges  0x0000000000000090       0x20 Core/Src/i2c.o
 .debug_ranges  0x00000000000000b0       0x30 Core/Src/main.o
 .debug_ranges  0x00000000000000e0       0x68 Core/Src/pca9685.o
 .debug_ranges  0x0000000000000148       0x20 Core/Src/spi.o
 .debug_ranges  0x0000000000000168       0x10 Core/Src/stm32f4xx_hal_msp.o
 .debug_ranges  0x0000000000000178       0x50 Core/Src/stm32f4xx_it.o
 .debug_ranges  0x00000000000001c8       0x18 Core/Src/system_stm32f4xx.o
 .debug_ranges  0x00000000000001e0       0x20 Core/Startup/startup_stm32f401ccux.o
 .debug_ranges  0x0000000000000200       0xe0 Drivers/STM32F4xx_HAL_Driver/Src/stm32f4xx_hal.o
 .debug_ranges  0x00000000000002e0      0x108 Drivers/STM32F4xx_HAL_Driver/Src/stm32f4xx_hal_cortex.o
 .debug_ranges  0x00000000000003e8       0x48 Drivers/STM32F4xx_HAL_Driver/Src/stm32f4xx_hal_gpio.o
 .debug_ranges  0x0000000000000430      0x2b8 Drivers/STM32F4xx_HAL_Driver/Src/stm32f4xx_hal_i2c.o
 .debug_ranges  0x00000000000006e8       0x78 Drivers/STM32F4xx_HAL_Driver/Src/stm32f4xx_hal_rcc.o
 .debug_ranges  0x0000000000000760      0x1c0 Drivers/STM32F4xx_HAL_Driver/Src/stm32f4xx_hal_spi.o

.debug_macro    0x0000000000000000    0x16157
 .debug_macro   0x0000000000000000      0x218 Core/Src/NRF24L01.o
 .debug_macro   0x0000000000000218      0xaa8 Core/Src/NRF24L01.o
 .debug_macro   0x0000000000000cc0      0x29b Core/Src/NRF24L01.o
 .debug_macro   0x0000000000000f5b       0x2e Core/Src/NRF24L01.o
 .debug_macro   0x0000000000000f89       0x28 Core/Src/NRF24L01.o
 .debug_macro   0x0000000000000fb1       0x22 Core/Src/NRF24L01.o
 .debug_macro   0x0000000000000fd3       0x8e Core/Src/NRF24L01.o
 .debug_macro   0x0000000000001061       0x51 Core/Src/NRF24L01.o
 .debug_macro   0x00000000000010b2      0x103 Core/Src/NRF24L01.o
 .debug_macro   0x00000000000011b5       0x6a Core/Src/NRF24L01.o
 .debug_macro   0x000000000000121f      0x1df Core/Src/NRF24L01.o
 .debug_macro   0x00000000000013fe       0x1c Core/Src/NRF24L01.o
 .debug_macro   0x000000000000141a       0x22 Core/Src/NRF24L01.o
 .debug_macro   0x000000000000143c       0xdf Core/Src/NRF24L01.o
 .debug_macro   0x000000000000151b     0x102d Core/Src/NRF24L01.o
 .debug_macro   0x0000000000002548      0x11f Core/Src/NRF24L01.o
 .debug_macro   0x0000000000002667     0xb86c Core/Src/NRF24L01.o
 .debug_macro   0x000000000000ded3       0x6d Core/Src/NRF24L01.o
 .debug_macro   0x000000000000df40     0x3666 Core/Src/NRF24L01.o
 .debug_macro   0x00000000000115a6      0x174 Core/Src/NRF24L01.o
 .debug_macro   0x000000000001171a       0x5c Core/Src/NRF24L01.o
 .debug_macro   0x0000000000011776      0x416 Core/Src/NRF24L01.o
 .debug_macro   0x0000000000011b8c      0x9fe Core/Src/NRF24L01.o
 .debug_macro   0x000000000001258a      0x116 Core/Src/NRF24L01.o
 .debug_macro   0x00000000000126a0       0xf8 Core/Src/NRF24L01.o
 .debug_macro   0x0000000000012798       0xa5 Core/Src/NRF24L01.o
 .debug_macro   0x000000000001283d      0x15f Core/Src/NRF24L01.o
 .debug_macro   0x000000000001299c      0x287 Core/Src/NRF24L01.o
 .debug_macro   0x0000000000012c23       0x5f Core/Src/NRF24L01.o
 .debug_macro   0x0000000000012c82      0x236 Core/Src/NRF24L01.o
 .debug_macro   0x0000000000012eb8      0x132 Core/Src/NRF24L01.o
 .debug_macro   0x0000000000012fea      0x23a Core/Src/NRF24L01.o
 .debug_macro   0x0000000000013224       0x2e Core/Src/NRF24L01.o
 .debug_macro   0x0000000000013252      0x1b5 Core/Src/NRF24L01.o
 .debug_macro   0x0000000000013407       0x22 Core/Src/NRF24L01.o
 .debug_macro   0x0000000000013429       0xd6 Core/Src/NRF24L01.o
 .debug_macro   0x00000000000134ff      0x11a Core/Src/NRF24L01.o
 .debug_macro   0x0000000000013619       0x85 Core/Src/NRF24L01.o
 .debug_macro   0x000000000001369e       0x89 Core/Src/NRF24L01.o
 .debug_macro   0x0000000000013727      0x225 Core/Src/NRF24L01.o
 .debug_macro   0x000000000001394c      0x126 Core/Src/NRF24L01.o
 .debug_macro   0x0000000000013a72       0xe8 Core/Src/NRF24L01.o
 .debug_macro   0x0000000000013b5a      0x1ec Core/Src/gpio.o
 .debug_macro   0x0000000000013d46       0x1c Core/Src/gpio.o
 .debug_macro   0x0000000000013d62      0x1ec Core/Src/i2c.o
 .debug_macro   0x0000000000013f4e      0x21c Core/Src/main.o
 .debug_macro   0x000000000001416a       0xee Core/Src/main.o
 .debug_macro   0x0000000000014258       0x9a Core/Src/main.o
 .debug_macro   0x00000000000142f2      0x2a4 Core/Src/pca9685.o
 .debug_macro   0x0000000000014596       0x52 Core/Src/pca9685.o
 .debug_macro   0x00000000000145e8       0x18 Core/Src/pca9685.o
 .debug_macro   0x0000000000014600       0x3c Core/Src/pca9685.o
 .debug_macro   0x000000000001463c       0x34 Core/Src/pca9685.o
 .debug_macro   0x0000000000014670       0x16 Core/Src/pca9685.o
 .debug_macro   0x0000000000014686       0x43 Core/Src/pca9685.o
 .debug_macro   0x00000000000146c9       0x34 Core/Src/pca9685.o
 .debug_macro   0x00000000000146fd       0x10 Core/Src/pca9685.o
 .debug_macro   0x000000000001470d       0x58 Core/Src/pca9685.o
 .debug_macro   0x0000000000014765       0x71 Core/Src/pca9685.o
 .debug_macro   0x00000000000147d6       0x1c Core/Src/pca9685.o
 .debug_macro   0x00000000000147f2      0x12a Core/Src/pca9685.o
 .debug_macro   0x000000000001491c      0x333 Core/Src/pca9685.o
 .debug_macro   0x0000000000014c4f      0x1a9 Core/Src/pca9685.o
 .debug_macro   0x0000000000014df8      0x1ec Core/Src/spi.o
 .debug_macro   0x0000000000014fe4      0x1e2 Core/Src/stm32f4xx_hal_msp.o
 .debug_macro   0x00000000000151c6      0x1ec Core/Src/stm32f4xx_it.o
 .debug_macro   0x00000000000153b2      0x1d3 Core/Src/system_stm32f4xx.o
 .debug_macro   0x0000000000015585      0x233 Drivers/STM32F4xx_HAL_Driver/Src/stm32f4xx_hal.o
 .debug_macro   0x00000000000157b8      0x1d3 Drivers/STM32F4xx_HAL_Driver/Src/stm32f4xx_hal_cortex.o
 .debug_macro   0x000000000001598b      0x1d9 Drivers/STM32F4xx_HAL_Driver/Src/stm32f4xx_hal_gpio.o
 .debug_macro   0x0000000000015b64      0x21a Drivers/STM32F4xx_HAL_Driver/Src/stm32f4xx_hal_i2c.o
 .debug_macro   0x0000000000015d7e      0x1f7 Drivers/STM32F4xx_HAL_Driver/Src/stm32f4xx_hal_rcc.o
 .debug_macro   0x0000000000015f75      0x1e2 Drivers/STM32F4xx_HAL_Driver/Src/stm32f4xx_hal_spi.o

.debug_line     0x0000000000000000     0xc9fe
 .debug_line    0x0000000000000000      0x93f Core/Src/NRF24L01.o
 .debug_line    0x000000000000093f      0x6d4 Core/Src/gpio.o
 .debug_line    0x0000000000001013      0x72f Core/Src/i2c.o
 .debug_line    0x0000000000001742      0x7ec Core/Src/main.o
 .debug_line    0x0000000000001f2e      0x9d7 Core/Src/pca9685.o
 .debug_line    0x0000000000002905      0x737 Core/Src/spi.o
 .debug_line    0x000000000000303c      0x6c6 Core/Src/stm32f4xx_hal_msp.o
 .debug_line    0x0000000000003702      0x788 Core/Src/stm32f4xx_it.o
 .debug_line    0x0000000000003e8a      0x747 Core/Src/system_stm32f4xx.o
 .debug_line    0x00000000000045d1       0x88 Core/Startup/startup_stm32f401ccux.o
 .debug_line    0x0000000000004659      0x9ad Drivers/STM32F4xx_HAL_Driver/Src/stm32f4xx_hal.o
 .debug_line    0x0000000000005006      0xc5c Drivers/STM32F4xx_HAL_Driver/Src/stm32f4xx_hal_cortex.o
 .debug_line    0x0000000000005c62      0xae7 Drivers/STM32F4xx_HAL_Driver/Src/stm32f4xx_hal_gpio.o
 .debug_line    0x0000000000006749     0x3959 Drivers/STM32F4xx_HAL_Driver/Src/stm32f4xx_hal_i2c.o
 .debug_line    0x000000000000a0a2      0xd27 Drivers/STM32F4xx_HAL_Driver/Src/stm32f4xx_hal_rcc.o
 .debug_line    0x000000000000adc9     0x1c35 Drivers/STM32F4xx_HAL_Driver/Src/stm32f4xx_hal_spi.o

.debug_str      0x0000000000000000    0x86b9c
 .debug_str     0x0000000000000000    0x8058f Core/Src/NRF24L01.o
                                      0x8089f (size before relaxing)
 .debug_str     0x000000000008058f      0x1c2 Core/Src/gpio.o
                                      0x800fb (size before relaxing)
 .debug_str     0x0000000000080751      0x2d9 Core/Src/i2c.o
                                      0x80600 (size before relaxing)
 .debug_str     0x0000000000080a2a      0x3fd Core/Src/main.o
                                      0x80d78 (size before relaxing)
 .debug_str     0x0000000000080e27     0x3aea Core/Src/pca9685.o
                                      0x84222 (size before relaxing)
 .debug_str     0x0000000000084911       0x4b Core/Src/spi.o
                                      0x80558 (size before relaxing)
 .debug_str     0x000000000008495c       0x2c Core/Src/stm32f4xx_hal_msp.o
                                      0x8005e (size before relaxing)
 .debug_str     0x0000000000084988       0xbd Core/Src/stm32f4xx_it.o
                                      0x7ffda (size before relaxing)
 .debug_str     0x0000000000084a45       0xaf Core/Src/system_stm32f4xx.o
                                      0x80084 (size before relaxing)
 .debug_str     0x0000000000084af4       0x36 Core/Startup/startup_stm32f401ccux.o
                                         0x79 (size before relaxing)
 .debug_str     0x0000000000084b2a      0x905 Drivers/STM32F4xx_HAL_Driver/Src/stm32f4xx_hal.o
                                      0x80a04 (size before relaxing)
 .debug_str     0x000000000008542f      0x399 Drivers/STM32F4xx_HAL_Driver/Src/stm32f4xx_hal_cortex.o
                                      0x807e1 (size before relaxing)
 .debug_str     0x00000000000857c8      0x15f Drivers/STM32F4xx_HAL_Driver/Src/stm32f4xx_hal_gpio.o
                                      0x8022b (size before relaxing)
 .debug_str     0x0000000000085927      0xac3 Drivers/STM32F4xx_HAL_Driver/Src/stm32f4xx_hal_i2c.o
                                      0x80ff9 (size before relaxing)
 .debug_str     0x00000000000863ea      0x24e Drivers/STM32F4xx_HAL_Driver/Src/stm32f4xx_hal_rcc.o
                                      0x80486 (size before relaxing)
 .debug_str     0x0000000000086638      0x564 Drivers/STM32F4xx_HAL_Driver/Src/stm32f4xx_hal_spi.o
                                      0x80916 (size before relaxing)

.comment        0x0000000000000000       0x53
 .comment       0x0000000000000000       0x53 Core/Src/NRF24L01.o
                                         0x54 (size before relaxing)
 .comment       0x0000000000000053       0x54 Core/Src/gpio.o
 .comment       0x0000000000000053       0x54 Core/Src/i2c.o
 .comment       0x0000000000000053       0x54 Core/Src/main.o
 .comment       0x0000000000000053       0x54 Core/Src/pca9685.o
 .comment       0x0000000000000053       0x54 Core/Src/spi.o
 .comment       0x0000000000000053       0x54 Core/Src/stm32f4xx_hal_msp.o
 .comment       0x0000000000000053       0x54 Core/Src/stm32f4xx_it.o
 .comment       0x0000000000000053       0x54 Core/Src/system_stm32f4xx.o
 .comment       0x0000000000000053       0x54 Drivers/STM32F4xx_HAL_Driver/Src/stm32f4xx_hal.o
 .comment       0x0000000000000053       0x54 Drivers/STM32F4xx_HAL_Driver/Src/stm32f4xx_hal_cortex.o
 .comment       0x0000000000000053       0x54 Drivers/STM32F4xx_HAL_Driver/Src/stm32f4xx_hal_gpio.o
 .comment       0x0000000000000053       0x54 Drivers/STM32F4xx_HAL_Driver/Src/stm32f4xx_hal_i2c.o
 .comment       0x0000000000000053       0x54 Drivers/STM32F4xx_HAL_Driver/Src/stm32f4xx_hal_rcc.o
 .comment       0x0000000000000053       0x54 Drivers/STM32F4xx_HAL_Driver/Src/stm32f4xx_hal_spi.o

.debug_frame    0x0000000000000000     0x29f4
 .debug_frame   0x0000000000000000      0x224 Core/Src/NRF24L01.o
 .debug_frame   0x0000000000000224       0x34 Core/Src/gpio.o
 .debug_frame   0x0000000000000258       0x74 Core/Src/i2c.o
 .debug_frame   0x00000000000002cc       0xb0 Core/Src/main.o
 .debug_frame   0x000000000000037c      0x1c8 Core/Src/pca9685.o
 .debug_frame   0x0000000000000544       0x74 Core/Src/spi.o
 .debug_frame   0x00000000000005b8       0x38 Core/Src/stm32f4xx_hal_msp.o
 .debug_frame   0x00000000000005f0      0x104 Core/Src/stm32f4xx_it.o
 .debug_frame   0x00000000000006f4       0x58 Core/Src/system_stm32f4xx.o
 .debug_frame   0x000000000000074c      0x374 Drivers/STM32F4xx_HAL_Driver/Src/stm32f4xx_hal.o
 .debug_frame   0x0000000000000ac0      0x498 Drivers/STM32F4xx_HAL_Driver/Src/stm32f4xx_hal_cortex.o
 .debug_frame   0x0000000000000f58      0x14c Drivers/STM32F4xx_HAL_Driver/Src/stm32f4xx_hal_gpio.o
 .debug_frame   0x00000000000010a4      0xc5c Drivers/STM32F4xx_HAL_Driver/Src/stm32f4xx_hal_i2c.o
 .debug_frame   0x0000000000001d00      0x1ec Drivers/STM32F4xx_HAL_Driver/Src/stm32f4xx_hal_rcc.o
 .debug_frame   0x0000000000001eec      0x824 Drivers/STM32F4xx_HAL_Driver/Src/stm32f4xx_hal_spi.o
 .debug_frame   0x0000000000002710       0x2c c:/st/stm32cubeide_1.6.1/stm32cubeide/plugins/com.st.stm32cube.ide.mcu.externaltools.gnu-tools-for-stm32.9-2020-q2-update.win32_1.5.0.202011040924/tools/bin/../lib/gcc/arm-none-eabi/9.3.1/../../../../arm-none-eabi/lib/thumb/v7e-m+fp/hard\libc_nano.a(lib_a-init.o)
 .debug_frame   0x000000000000273c       0x20 c:/st/stm32cubeide_1.6.1/stm32cubeide/plugins/com.st.stm32cube.ide.mcu.externaltools.gnu-tools-for-stm32.9-2020-q2-update.win32_1.5.0.202011040924/tools/bin/../lib/gcc/arm-none-eabi/9.3.1/../../../../arm-none-eabi/lib/thumb/v7e-m+fp/hard\libc_nano.a(lib_a-memset.o)
 .debug_frame   0x000000000000275c       0x30 c:/st/stm32cubeide_1.6.1/stm32cubeide/plugins/com.st.stm32cube.ide.mcu.externaltools.gnu-tools-for-stm32.9-2020-q2-update.win32_1.5.0.202011040924/tools/bin/../lib/gcc/arm-none-eabi/9.3.1/../../../../arm-none-eabi/lib/thumb/v7e-m+fp/hard\libm.a(lib_a-s_floor.o)
 .debug_frame   0x000000000000278c       0xac c:/st/stm32cubeide_1.6.1/stm32cubeide/plugins/com.st.stm32cube.ide.mcu.externaltools.gnu-tools-for-stm32.9-2020-q2-update.win32_1.5.0.202011040924/tools/bin/../lib/gcc/arm-none-eabi/9.3.1/thumb/v7e-m+fp/hard\libgcc.a(_arm_addsubdf3.o)
 .debug_frame   0x0000000000002838       0x50 c:/st/stm32cubeide_1.6.1/stm32cubeide/plugins/com.st.stm32cube.ide.mcu.externaltools.gnu-tools-for-stm32.9-2020-q2-update.win32_1.5.0.202011040924/tools/bin/../lib/gcc/arm-none-eabi/9.3.1/thumb/v7e-m+fp/hard\libgcc.a(_arm_muldivdf3.o)
 .debug_frame   0x0000000000002888       0xc4 c:/st/stm32cubeide_1.6.1/stm32cubeide/plugins/com.st.stm32cube.ide.mcu.externaltools.gnu-tools-for-stm32.9-2020-q2-update.win32_1.5.0.202011040924/tools/bin/../lib/gcc/arm-none-eabi/9.3.1/thumb/v7e-m+fp/hard\libgcc.a(_arm_cmpdf2.o)
 .debug_frame   0x000000000000294c       0x24 c:/st/stm32cubeide_1.6.1/stm32cubeide/plugins/com.st.stm32cube.ide.mcu.externaltools.gnu-tools-for-stm32.9-2020-q2-update.win32_1.5.0.202011040924/tools/bin/../lib/gcc/arm-none-eabi/9.3.1/thumb/v7e-m+fp/hard\libgcc.a(_arm_fixunsdfsi.o)
 .debug_frame   0x0000000000002970       0x24 c:/st/stm32cubeide_1.6.1/stm32cubeide/plugins/com.st.stm32cube.ide.mcu.externaltools.gnu-tools-for-stm32.9-2020-q2-update.win32_1.5.0.202011040924/tools/bin/../lib/gcc/arm-none-eabi/9.3.1/thumb/v7e-m+fp/hard\libgcc.a(_arm_truncdfsf2.o)
 .debug_frame   0x0000000000002994       0x2c c:/st/stm32cubeide_1.6.1/stm32cubeide/plugins/com.st.stm32cube.ide.mcu.externaltools.gnu-tools-for-stm32.9-2020-q2-update.win32_1.5.0.202011040924/tools/bin/../lib/gcc/arm-none-eabi/9.3.1/thumb/v7e-m+fp/hard\libgcc.a(_aeabi_uldivmod.o)
 .debug_frame   0x00000000000029c0       0x34 c:/st/stm32cubeide_1.6.1/stm32cubeide/plugins/com.st.stm32cube.ide.mcu.externaltools.gnu-tools-for-stm32.9-2020-q2-update.win32_1.5.0.202011040924/tools/bin/../lib/gcc/arm-none-eabi/9.3.1/thumb/v7e-m+fp/hard\libgcc.a(_udivmoddi4.o)
